  Determining projects to restore...
  All projects are up-to-date for restore.
  AmusementRideCRM -> /app/src/AmusementRideCRM/bin/Debug/net8.0/AmusementRideCRM.dll
  AmusementRideCRM.Tests -> /app/tests/AmusementRideCRM.Tests/bin/Debug/net8.0/AmusementRideCRM.Tests.dll
Test run for /app/tests/AmusementRideCRM.Tests/bin/Debug/net8.0/AmusementRideCRM.Tests.dll (.NETCoreApp,Version=v8.0)
Microsoft (R) Test Execution Command Line Tool Version 17.8.0 (x64)
Copyright (c) Microsoft Corporation.  All rights reserved.

Starting test execution, please wait...
A total of 1 test files matched the specified pattern.

Passed!  - Failed:     0, Passed:     1, Skipped:     0, Total:     1, Duration: 1 s - AmusementRideCRM.Tests.dll (net8.0)
